input: |- 
  []
source: |-
  (word): Hello world!
  word_start: &word
  word_ind: 127

  word_start
  word_ind
  WR

  BEGIN
      word_ind
      READ#
      0
      OVER
      <
      WHILE
      #out
      WR
  REPEAT

data: |
  [
      48,
      48
  ]
code: |-
  [
      {
          "opcode": "PUSH",
          "arg": 2,
          "term": [
              5,
              "PUSH",
              2
          ]
      },
      {
          "opcode": "PUSH",
          "arg": "127",
          "term": [
              6,
              "PUSH",
              "127"
          ]
      },
      {
          "opcode": "WRITE_DIR",
          "term": [
              7,
              "WR",
              null
          ]
      },
      {
          "opcode": "BEGIN",
          "term": [
              9,
              "BEGIN",
              null
          ]
      },
      {
          "opcode": "PUSH",
          "arg": "127",
          "term": [
              10,
              "PUSH",
              "127"
          ]
      },
      {
          "opcode": "READ_NDR",
          "term": [
              11,
              "READ#",
              null
          ]
      },
      {
          "opcode": "PUSH",
          "arg": "0",
          "term": [
              12,
              "PUSH",
              "0"
          ]
      },
      {
          "opcode": "OVER",
          "term": [
              13,
              "OVER",
              null
          ]
      },
      {
          "opcode": "LT",
          "term": [
              14,
              "<",
              null
          ]
      },
      {
          "opcode": "JNT",
          "arg": 13,
          "term": [
              15,
              "WHILE",
              null
          ]
      },
      {
          "opcode": "PUSH",
          "arg": 1,
          "term": [
              16,
              "PUSH",
              1
          ]
      },
      {
          "opcode": "WRITE_DIR",
          "term": [
              17,
              "WR",
              null
          ]
      },
      {
          "opcode": "JMP",
          "arg": 4,
          "term": [
              18,
              "REPEAT",
              null
          ]
      },
      {
          "opcode": "HALT",
          "term": [
              14,
              "HALT",
              null
          ]
      }
  ]
output: |
  source LoC: 18 code instr: 14
  ============================================================
  output: Hello world!
  instr_counter:  118 ticks: 222
log: |
  DEBUG    root:machine.py:178 {TICK: 1, PC: 1, HEAD: 1, TOS: 0, 0, 2}  PUSH 127 ('127' @ 6:PUSH)
  DEBUG    root:machine.py:178 {TICK: 2, PC: 2, HEAD: 2, TOS: 0, 2, 127}  WRITE_DIR  ('None' @ 7:WR)
  DEBUG    root:machine.py:178 {TICK: 3, PC: 2, HEAD: 2, TOS: 0, 2, 127}  WRITE_DIR  ('None' @ 7:WR)
  DEBUG    root:machine.py:178 {TICK: 4, PC: 3, HEAD: 0, TOS: 0, 0, 0}  BEGIN  ('None' @ 9:BEGIN)
  DEBUG    root:machine.py:178 {TICK: 5, PC: 4, HEAD: 0, TOS: 0, 0, 0}  PUSH 127 ('127' @ 10:PUSH)
  DEBUG    root:machine.py:178 {TICK: 6, PC: 5, HEAD: 1, TOS: 0, 0, 127}  READ_NDR  ('None' @ 11:READ#)
  DEBUG    root:machine.py:178 {TICK: 7, PC: 5, HEAD: 1, TOS: 0, 0, 127}  READ_NDR  ('None' @ 11:READ#)
  DEBUG    root:machine.py:178 {TICK: 8, PC: 5, HEAD: 2, TOS: 0, 127, 2}  READ_NDR  ('None' @ 11:READ#)
  DEBUG    root:machine.py:178 {TICK: 9, PC: 5, HEAD: 2, TOS: 0, 127, 2}  READ_NDR  ('None' @ 11:READ#)
  DEBUG    root:machine.py:178 {TICK: 10, PC: 5, HEAD: 3, TOS: 127, 2, 72}  READ_NDR  ('None' @ 11:READ#)
  DEBUG    root:machine.py:178 {TICK: 11, PC: 5, HEAD: 3, TOS: 72, 2, 127}  READ_NDR  ('None' @ 11:READ#)
  DEBUG    root:machine.py:178 {TICK: 12, PC: 5, HEAD: 3, TOS: 72, 2, 127}  READ_NDR  ('None' @ 11:READ#)
  DEBUG    root:machine.py:178 {TICK: 13, PC: 6, HEAD: 1, TOS: 0, 0, 72}  PUSH 0 ('0' @ 12:PUSH)
  DEBUG    root:machine.py:178 {TICK: 14, PC: 7, HEAD: 2, TOS: 0, 72, 0}  OVER  ('None' @ 13:OVER)
  DEBUG    root:machine.py:178 {TICK: 15, PC: 8, HEAD: 3, TOS: 72, 0, 72}  LT  ('None' @ 14:<)
  DEBUG    root:machine.py:178 {TICK: 16, PC: 8, HEAD: 1, TOS: 0, 0, 72}  LT  ('None' @ 14:<)
  DEBUG    root:machine.py:178 {TICK: 17, PC: 9, HEAD: 2, TOS: 0, 72, -1}  JNT 13 ('None' @ 15:WHILE)
  DEBUG    root:machine.py:178 {TICK: 18, PC: 10, HEAD: 1, TOS: 0, 0, 72}  PUSH 1 ('1' @ 16:PUSH)
  DEBUG    root:machine.py:178 {TICK: 19, PC: 11, HEAD: 2, TOS: 0, 72, 1}  WRITE_DIR  ('None' @ 17:WR)
  DEBUG    root:machine.py:178 {TICK: 20, PC: 11, HEAD: 2, TOS: 0, 72, 1}  WRITE_DIR  ('None' @ 17:WR)
  DEBUG    root:machine.py:83 output:  << H
  DEBUG    root:machine.py:178 {TICK: 21, PC: 12, HEAD: 0, TOS: 0, 0, 0}  JMP 4 ('None' @ 18:REPEAT)
  DEBUG    root:machine.py:178 {TICK: 22, PC: 4, HEAD: 0, TOS: 0, 0, 0}  PUSH 127 ('127' @ 10:PUSH)
  DEBUG    root:machine.py:178 {TICK: 23, PC: 5, HEAD: 1, TOS: 0, 0, 127}  READ_NDR  ('None' @ 11:READ#)
  DEBUG    root:machine.py:178 {TICK: 24, PC: 5, HEAD: 1, TOS: 0, 0, 127}  READ_NDR  ('None' @ 11:READ#)
  DEBUG    root:machine.py:178 {TICK: 25, PC: 5, HEAD: 2, TOS: 0, 127, 3}  READ_NDR  ('None' @ 11:READ#)
  DEBUG    root:machine.py:178 {TICK: 26, PC: 5, HEAD: 2, TOS: 0, 127, 3}  READ_NDR  ('None' @ 11:READ#)
  DEBUG    root:machine.py:178 {TICK: 27, PC: 5, HEAD: 3, TOS: 127, 3, 101}  READ_NDR  ('None' @ 11:READ#)
  DEBUG    root:machine.py:178 {TICK: 28, PC: 5, HEAD: 3, TOS: 101, 3, 127}  READ_NDR  ('None' @ 11:READ#)
  DEBUG    root:machine.py:178 {TICK: 29, PC: 5, HEAD: 3, TOS: 101, 3, 127}  READ_NDR  ('None' @ 11:READ#)
  DEBUG    root:machine.py:178 {TICK: 30, PC: 6, HEAD: 1, TOS: 0, 0, 101}  PUSH 0 ('0' @ 12:PUSH)
  DEBUG    root:machine.py:178 {TICK: 31, PC: 7, HEAD: 2, TOS: 0, 101, 0}  OVER  ('None' @ 13:OVER)
  DEBUG    root:machine.py:178 {TICK: 32, PC: 8, HEAD: 3, TOS: 101, 0, 101}  LT  ('None' @ 14:<)
  DEBUG    root:machine.py:178 {TICK: 33, PC: 8, HEAD: 1, TOS: 0, 0, 101}  LT  ('None' @ 14:<)
  DEBUG    root:machine.py:178 {TICK: 34, PC: 9, HEAD: 2, TOS: 0, 101, -1}  JNT 13 ('None' @ 15:WHILE)
  DEBUG    root:machine.py:178 {TICK: 35, PC: 10, HEAD: 1, TOS: 0, 0, 101}  PUSH 1 ('1' @ 16:PUSH)
  DEBUG    root:machine.py:178 {TICK: 36, PC: 11, HEAD: 2, TOS: 0, 101, 1}  WRITE_DIR  ('None' @ 17:WR)
  DEBUG    root:machine.py:178 {TICK: 37, PC: 11, HEAD: 2, TOS: 0, 101, 1}  WRITE_DIR  ('None' @ 17:WR)
  DEBUG    root:machine.py:83 output: H << e
  DEBUG    root:machine.py:178 {TICK: 38, PC: 12, HEAD: 0, TOS: 0, 0, 0}  JMP 4 ('None' @ 18:REPEAT)
  DEBUG    root:machine.py:178 {TICK: 39, PC: 4, HEAD: 0, TOS: 0, 0, 0}  PUSH 127 ('127' @ 10:PUSH)
  DEBUG    root:machine.py:178 {TICK: 40, PC: 5, HEAD: 1, TOS: 0, 0, 127}  READ_NDR  ('None' @ 11:READ#)
  DEBUG    root:machine.py:178 {TICK: 41, PC: 5, HEAD: 1, TOS: 0, 0, 127}  READ_NDR  ('None' @ 11:READ#)
  DEBUG    root:machine.py:178 {TICK: 42, PC: 5, HEAD: 2, TOS: 0, 127, 4}  READ_NDR  ('None' @ 11:READ#)
  DEBUG    root:machine.py:178 {TICK: 43, PC: 5, HEAD: 2, TOS: 0, 127, 4}  READ_NDR  ('None' @ 11:READ#)
  DEBUG    root:machine.py:178 {TICK: 44, PC: 5, HEAD: 3, TOS: 127, 4, 108}  READ_NDR  ('None' @ 11:READ#)
  DEBUG    root:machine.py:178 {TICK: 45, PC: 5, HEAD: 3, TOS: 108, 4, 127}  READ_NDR  ('None' @ 11:READ#)
  DEBUG    root:machine.py:178 {TICK: 46, PC: 5, HEAD: 3, TOS: 108, 4, 127}  READ_NDR  ('None' @ 11:READ#)
  DEBUG    root:machine.py:178 {TICK: 47, PC: 6, HEAD: 1, TOS: 0, 0, 108}  PUSH 0 ('0' @ 12:PUSH)
  DEBUG    root:machine.py:178 {TICK: 48, PC: 7, HEAD: 2, TOS: 0, 108, 0}  OVER  ('None' @ 13:OVER)
  DEBUG    root:machine.py:178 {TICK: 49, PC: 8, HEAD: 3, TOS: 108, 0, 108}  LT  ('None' @ 14:<)
  DEBUG    root:machine.py:178 {TICK: 50, PC: 8, HEAD: 1, TOS: 0, 0, 108}  LT  ('None' @ 14:<)
  DEBUG    root:machine.py:178 {TICK: 51, PC: 9, HEAD: 2, TOS: 0, 108, -1}  JNT 13 ('None' @ 15:WHILE)
  DEBUG    root:machine.py:178 {TICK: 52, PC: 10, HEAD: 1, TOS: 0, 0, 108}  PUSH 1 ('1' @ 16:PUSH)
  DEBUG    root:machine.py:178 {TICK: 53, PC: 11, HEAD: 2, TOS: 0, 108, 1}  WRITE_DIR  ('None' @ 17:WR)
  DEBUG    root:machine.py:178 {TICK: 54, PC: 11, HEAD: 2, TOS: 0, 108, 1}  WRITE_DIR  ('None' @ 17:WR)
  DEBUG    root:machine.py:83 output: H,e << l
  DEBUG    root:machine.py:178 {TICK: 55, PC: 12, HEAD: 0, TOS: 0, 0, 0}  JMP 4 ('None' @ 18:REPEAT)
  DEBUG    root:machine.py:178 {TICK: 56, PC: 4, HEAD: 0, TOS: 0, 0, 0}  PUSH 127 ('127' @ 10:PUSH)
  DEBUG    root:machine.py:178 {TICK: 57, PC: 5, HEAD: 1, TOS: 0, 0, 127}  READ_NDR  ('None' @ 11:READ#)
  DEBUG    root:machine.py:178 {TICK: 58, PC: 5, HEAD: 1, TOS: 0, 0, 127}  READ_NDR  ('None' @ 11:READ#)
  DEBUG    root:machine.py:178 {TICK: 59, PC: 5, HEAD: 2, TOS: 0, 127, 5}  READ_NDR  ('None' @ 11:READ#)
  DEBUG    root:machine.py:178 {TICK: 60, PC: 5, HEAD: 2, TOS: 0, 127, 5}  READ_NDR  ('None' @ 11:READ#)
  DEBUG    root:machine.py:178 {TICK: 61, PC: 5, HEAD: 3, TOS: 127, 5, 108}  READ_NDR  ('None' @ 11:READ#)
  DEBUG    root:machine.py:178 {TICK: 62, PC: 5, HEAD: 3, TOS: 108, 5, 127}  READ_NDR  ('None' @ 11:READ#)
  DEBUG    root:machine.py:178 {TICK: 63, PC: 5, HEAD: 3, TOS: 108, 5, 127}  READ_NDR  ('None' @ 11:READ#)
  DEBUG    root:machine.py:178 {TICK: 64, PC: 6, HEAD: 1, TOS: 0, 0, 108}  PUSH 0 ('0' @ 12:PUSH)
  DEBUG    root:machine.py:178 {TICK: 65, PC: 7, HEAD: 2, TOS: 0, 108, 0}  OVER  ('None' @ 13:OVER)
  DEBUG    root:machine.py:178 {TICK: 66, PC: 8, HEAD: 3, TOS: 108, 0, 108}  LT  ('None' @ 14:<)
  DEBUG    root:machine.py:178 {TICK: 67, PC: 8, HEAD: 1, TOS: 0, 0, 108}  LT  ('None' @ 14:<)
  DEBUG    root:machine.py:178 {TICK: 68, PC: 9, HEAD: 2, TOS: 0, 108, -1}  JNT 13 ('None' @ 15:WHILE)
  DEBUG    root:machine.py:178 {TICK: 69, PC: 10, HEAD: 1, TOS: 0, 0, 108}  PUSH 1 ('1' @ 16:PUSH)
  DEBUG    root:machine.py:178 {TICK: 70, PC: 11, HEAD: 2, TOS: 0, 108, 1}  WRITE_DIR  ('None' @ 17:WR)
  DEBUG    root:machine.py:178 {TICK: 71, PC: 11, HEAD: 2, TOS: 0, 108, 1}  WRITE_DIR  ('None' @ 17:WR)
  DEBUG    root:machine.py:83 output: H,e,l << l
  DEBUG    root:machine.py:178 {TICK: 72, PC: 12, HEAD: 0, TOS: 0, 0, 0}  JMP 4 ('None' @ 18:REPEAT)
  DEBUG    root:machine.py:178 {TICK: 73, PC: 4, HEAD: 0, TOS: 0, 0, 0}  PUSH 127 ('127' @ 10:PUSH)
  DEBUG    root:machine.py:178 {TICK: 74, PC: 5, HEAD: 1, TOS: 0, 0, 127}  READ_NDR  ('None' @ 11:READ#)
  DEBUG    root:machine.py:178 {TICK: 75, PC: 5, HEAD: 1, TOS: 0, 0, 127}  READ_NDR  ('None' @ 11:READ#)
  DEBUG    root:machine.py:178 {TICK: 76, PC: 5, HEAD: 2, TOS: 0, 127, 6}  READ_NDR  ('None' @ 11:READ#)
  DEBUG    root:machine.py:178 {TICK: 77, PC: 5, HEAD: 2, TOS: 0, 127, 6}  READ_NDR  ('None' @ 11:READ#)
  DEBUG    root:machine.py:178 {TICK: 78, PC: 5, HEAD: 3, TOS: 127, 6, 111}  READ_NDR  ('None' @ 11:READ#)
  DEBUG    root:machine.py:178 {TICK: 79, PC: 5, HEAD: 3, TOS: 111, 6, 127}  READ_NDR  ('None' @ 11:READ#)
  DEBUG    root:machine.py:178 {TICK: 80, PC: 5, HEAD: 3, TOS: 111, 6, 127}  READ_NDR  ('None' @ 11:READ#)
  DEBUG    root:machine.py:178 {TICK: 81, PC: 6, HEAD: 1, TOS: 0, 0, 111}  PUSH 0 ('0' @ 12:PUSH)
  DEBUG    root:machine.py:178 {TICK: 82, PC: 7, HEAD: 2, TOS: 0, 111, 0}  OVER  ('None' @ 13:OVER)
  DEBUG    root:machine.py:178 {TICK: 83, PC: 8, HEAD: 3, TOS: 111, 0, 111}  LT  ('None' @ 14:<)
  DEBUG    root:machine.py:178 {TICK: 84, PC: 8, HEAD: 1, TOS: 0, 0, 111}  LT  ('None' @ 14:<)
  DEBUG    root:machine.py:178 {TICK: 85, PC: 9, HEAD: 2, TOS: 0, 111, -1}  JNT 13 ('None' @ 15:WHILE)
  DEBUG    root:machine.py:178 {TICK: 86, PC: 10, HEAD: 1, TOS: 0, 0, 111}  PUSH 1 ('1' @ 16:PUSH)
  DEBUG    root:machine.py:178 {TICK: 87, PC: 11, HEAD: 2, TOS: 0, 111, 1}  WRITE_DIR  ('None' @ 17:WR)
  DEBUG    root:machine.py:178 {TICK: 88, PC: 11, HEAD: 2, TOS: 0, 111, 1}  WRITE_DIR  ('None' @ 17:WR)
  DEBUG    root:machine.py:83 output: H,e,l,l << o
  DEBUG    root:machine.py:178 {TICK: 89, PC: 12, HEAD: 0, TOS: 0, 0, 0}  JMP 4 ('None' @ 18:REPEAT)
  DEBUG    root:machine.py:178 {TICK: 90, PC: 4, HEAD: 0, TOS: 0, 0, 0}  PUSH 127 ('127' @ 10:PUSH)
  DEBUG    root:machine.py:178 {TICK: 91, PC: 5, HEAD: 1, TOS: 0, 0, 127}  READ_NDR  ('None' @ 11:READ#)
  DEBUG    root:machine.py:178 {TICK: 92, PC: 5, HEAD: 1, TOS: 0, 0, 127}  READ_NDR  ('None' @ 11:READ#)
  DEBUG    root:machine.py:178 {TICK: 93, PC: 5, HEAD: 2, TOS: 0, 127, 7}  READ_NDR  ('None' @ 11:READ#)
  DEBUG    root:machine.py:178 {TICK: 94, PC: 5, HEAD: 2, TOS: 0, 127, 7}  READ_NDR  ('None' @ 11:READ#)
  DEBUG    root:machine.py:178 {TICK: 95, PC: 5, HEAD: 3, TOS: 127, 7, 32}  READ_NDR  ('None' @ 11:READ#)
  DEBUG    root:machine.py:178 {TICK: 96, PC: 5, HEAD: 3, TOS: 32, 7, 127}  READ_NDR  ('None' @ 11:READ#)
  DEBUG    root:machine.py:178 {TICK: 97, PC: 5, HEAD: 3, TOS: 32, 7, 127}  READ_NDR  ('None' @ 11:READ#)
  DEBUG    root:machine.py:178 {TICK: 98, PC: 6, HEAD: 1, TOS: 0, 0, 32}  PUSH 0 ('0' @ 12:PUSH)
  DEBUG    root:machine.py:178 {TICK: 99, PC: 7, HEAD: 2, TOS: 0, 32, 0}  OVER  ('None' @ 13:OVER)
  DEBUG    root:machine.py:178 {TICK: 100, PC: 8, HEAD: 3, TOS: 32, 0, 32}  LT  ('None' @ 14:<)
  DEBUG    root:machine.py:178 {TICK: 101, PC: 8, HEAD: 1, TOS: 0, 0, 32}  LT  ('None' @ 14:<)
  DEBUG    root:machine.py:178 {TICK: 102, PC: 9, HEAD: 2, TOS: 0, 32, -1}  JNT 13 ('None' @ 15:WHILE)
  DEBUG    root:machine.py:178 {TICK: 103, PC: 10, HEAD: 1, TOS: 0, 0, 32}  PUSH 1 ('1' @ 16:PUSH)
  DEBUG    root:machine.py:178 {TICK: 104, PC: 11, HEAD: 2, TOS: 0, 32, 1}  WRITE_DIR  ('None' @ 17:WR)
  DEBUG    root:machine.py:178 {TICK: 105, PC: 11, HEAD: 2, TOS: 0, 32, 1}  WRITE_DIR  ('None' @ 17:WR)
  DEBUG    root:machine.py:83 output: H,e,l,l,o <<  
  DEBUG    root:machine.py:178 {TICK: 106, PC: 12, HEAD: 0, TOS: 0, 0, 0}  JMP 4 ('None' @ 18:REPEAT)
  DEBUG    root:machine.py:178 {TICK: 107, PC: 4, HEAD: 0, TOS: 0, 0, 0}  PUSH 127 ('127' @ 10:PUSH)
  DEBUG    root:machine.py:178 {TICK: 108, PC: 5, HEAD: 1, TOS: 0, 0, 127}  READ_NDR  ('None' @ 11:READ#)
  DEBUG    root:machine.py:178 {TICK: 109, PC: 5, HEAD: 1, TOS: 0, 0, 127}  READ_NDR  ('None' @ 11:READ#)
  DEBUG    root:machine.py:178 {TICK: 110, PC: 5, HEAD: 2, TOS: 0, 127, 8}  READ_NDR  ('None' @ 11:READ#)
  DEBUG    root:machine.py:178 {TICK: 111, PC: 5, HEAD: 2, TOS: 0, 127, 8}  READ_NDR  ('None' @ 11:READ#)
  DEBUG    root:machine.py:178 {TICK: 112, PC: 5, HEAD: 3, TOS: 127, 8, 119}  READ_NDR  ('None' @ 11:READ#)
  DEBUG    root:machine.py:178 {TICK: 113, PC: 5, HEAD: 3, TOS: 119, 8, 127}  READ_NDR  ('None' @ 11:READ#)
  DEBUG    root:machine.py:178 {TICK: 114, PC: 5, HEAD: 3, TOS: 119, 8, 127}  READ_NDR  ('None' @ 11:READ#)
  DEBUG    root:machine.py:178 {TICK: 115, PC: 6, HEAD: 1, TOS: 0, 0, 119}  PUSH 0 ('0' @ 12:PUSH)
  DEBUG    root:machine.py:178 {TICK: 116, PC: 7, HEAD: 2, TOS: 0, 119, 0}  OVER  ('None' @ 13:OVER)
  DEBUG    root:machine.py:178 {TICK: 117, PC: 8, HEAD: 3, TOS: 119, 0, 119}  LT  ('None' @ 14:<)
  DEBUG    root:machine.py:178 {TICK: 118, PC: 8, HEAD: 1, TOS: 0, 0, 119}  LT  ('None' @ 14:<)
  DEBUG    root:machine.py:178 {TICK: 119, PC: 9, HEAD: 2, TOS: 0, 119, -1}  JNT 13 ('None' @ 15:WHILE)
  DEBUG    root:machine.py:178 {TICK: 120, PC: 10, HEAD: 1, TOS: 0, 0, 119}  PUSH 1 ('1' @ 16:PUSH)
  DEBUG    root:machine.py:178 {TICK: 121, PC: 11, HEAD: 2, TOS: 0, 119, 1}  WRITE_DIR  ('None' @ 17:WR)
  DEBUG    root:machine.py:178 {TICK: 122, PC: 11, HEAD: 2, TOS: 0, 119, 1}  WRITE_DIR  ('None' @ 17:WR)
  DEBUG    root:machine.py:83 output: H,e,l,l,o,  << w
  DEBUG    root:machine.py:178 {TICK: 123, PC: 12, HEAD: 0, TOS: 0, 0, 0}  JMP 4 ('None' @ 18:REPEAT)
  DEBUG    root:machine.py:178 {TICK: 124, PC: 4, HEAD: 0, TOS: 0, 0, 0}  PUSH 127 ('127' @ 10:PUSH)
  DEBUG    root:machine.py:178 {TICK: 125, PC: 5, HEAD: 1, TOS: 0, 0, 127}  READ_NDR  ('None' @ 11:READ#)
  DEBUG    root:machine.py:178 {TICK: 126, PC: 5, HEAD: 1, TOS: 0, 0, 127}  READ_NDR  ('None' @ 11:READ#)
  DEBUG    root:machine.py:178 {TICK: 127, PC: 5, HEAD: 2, TOS: 0, 127, 9}  READ_NDR  ('None' @ 11:READ#)
  DEBUG    root:machine.py:178 {TICK: 128, PC: 5, HEAD: 2, TOS: 0, 127, 9}  READ_NDR  ('None' @ 11:READ#)
  DEBUG    root:machine.py:178 {TICK: 129, PC: 5, HEAD: 3, TOS: 127, 9, 111}  READ_NDR  ('None' @ 11:READ#)
  DEBUG    root:machine.py:178 {TICK: 130, PC: 5, HEAD: 3, TOS: 111, 9, 127}  READ_NDR  ('None' @ 11:READ#)
  DEBUG    root:machine.py:178 {TICK: 131, PC: 5, HEAD: 3, TOS: 111, 9, 127}  READ_NDR  ('None' @ 11:READ#)
  DEBUG    root:machine.py:178 {TICK: 132, PC: 6, HEAD: 1, TOS: 0, 0, 111}  PUSH 0 ('0' @ 12:PUSH)
  DEBUG    root:machine.py:178 {TICK: 133, PC: 7, HEAD: 2, TOS: 0, 111, 0}  OVER  ('None' @ 13:OVER)
  DEBUG    root:machine.py:178 {TICK: 134, PC: 8, HEAD: 3, TOS: 111, 0, 111}  LT  ('None' @ 14:<)
  DEBUG    root:machine.py:178 {TICK: 135, PC: 8, HEAD: 1, TOS: 0, 0, 111}  LT  ('None' @ 14:<)
  DEBUG    root:machine.py:178 {TICK: 136, PC: 9, HEAD: 2, TOS: 0, 111, -1}  JNT 13 ('None' @ 15:WHILE)
  DEBUG    root:machine.py:178 {TICK: 137, PC: 10, HEAD: 1, TOS: 0, 0, 111}  PUSH 1 ('1' @ 16:PUSH)
  DEBUG    root:machine.py:178 {TICK: 138, PC: 11, HEAD: 2, TOS: 0, 111, 1}  WRITE_DIR  ('None' @ 17:WR)
  DEBUG    root:machine.py:178 {TICK: 139, PC: 11, HEAD: 2, TOS: 0, 111, 1}  WRITE_DIR  ('None' @ 17:WR)
  DEBUG    root:machine.py:83 output: H,e,l,l,o, ,w << o
  DEBUG    root:machine.py:178 {TICK: 140, PC: 12, HEAD: 0, TOS: 0, 0, 0}  JMP 4 ('None' @ 18:REPEAT)
  DEBUG    root:machine.py:178 {TICK: 141, PC: 4, HEAD: 0, TOS: 0, 0, 0}  PUSH 127 ('127' @ 10:PUSH)
  DEBUG    root:machine.py:178 {TICK: 142, PC: 5, HEAD: 1, TOS: 0, 0, 127}  READ_NDR  ('None' @ 11:READ#)
  DEBUG    root:machine.py:178 {TICK: 143, PC: 5, HEAD: 1, TOS: 0, 0, 127}  READ_NDR  ('None' @ 11:READ#)
  DEBUG    root:machine.py:178 {TICK: 144, PC: 5, HEAD: 2, TOS: 0, 127, 10}  READ_NDR  ('None' @ 11:READ#)
  DEBUG    root:machine.py:178 {TICK: 145, PC: 5, HEAD: 2, TOS: 0, 127, 10}  READ_NDR  ('None' @ 11:READ#)
  DEBUG    root:machine.py:178 {TICK: 146, PC: 5, HEAD: 3, TOS: 127, 10, 114}  READ_NDR  ('None' @ 11:READ#)
  DEBUG    root:machine.py:178 {TICK: 147, PC: 5, HEAD: 3, TOS: 114, 10, 127}  READ_NDR  ('None' @ 11:READ#)
  DEBUG    root:machine.py:178 {TICK: 148, PC: 5, HEAD: 3, TOS: 114, 10, 127}  READ_NDR  ('None' @ 11:READ#)
  DEBUG    root:machine.py:178 {TICK: 149, PC: 6, HEAD: 1, TOS: 0, 0, 114}  PUSH 0 ('0' @ 12:PUSH)
  DEBUG    root:machine.py:178 {TICK: 150, PC: 7, HEAD: 2, TOS: 0, 114, 0}  OVER  ('None' @ 13:OVER)
  DEBUG    root:machine.py:178 {TICK: 151, PC: 8, HEAD: 3, TOS: 114, 0, 114}  LT  ('None' @ 14:<)
  DEBUG    root:machine.py:178 {TICK: 152, PC: 8, HEAD: 1, TOS: 0, 0, 114}  LT  ('None' @ 14:<)
  DEBUG    root:machine.py:178 {TICK: 153, PC: 9, HEAD: 2, TOS: 0, 114, -1}  JNT 13 ('None' @ 15:WHILE)
  DEBUG    root:machine.py:178 {TICK: 154, PC: 10, HEAD: 1, TOS: 0, 0, 114}  PUSH 1 ('1' @ 16:PUSH)
  DEBUG    root:machine.py:178 {TICK: 155, PC: 11, HEAD: 2, TOS: 0, 114, 1}  WRITE_DIR  ('None' @ 17:WR)
  DEBUG    root:machine.py:178 {TICK: 156, PC: 11, HEAD: 2, TOS: 0, 114, 1}  WRITE_DIR  ('None' @ 17:WR)
  DEBUG    root:machine.py:83 output: H,e,l,l,o, ,w,o << r
  DEBUG    root:machine.py:178 {TICK: 157, PC: 12, HEAD: 0, TOS: 0, 0, 0}  JMP 4 ('None' @ 18:REPEAT)
  DEBUG    root:machine.py:178 {TICK: 158, PC: 4, HEAD: 0, TOS: 0, 0, 0}  PUSH 127 ('127' @ 10:PUSH)
  DEBUG    root:machine.py:178 {TICK: 159, PC: 5, HEAD: 1, TOS: 0, 0, 127}  READ_NDR  ('None' @ 11:READ#)
  DEBUG    root:machine.py:178 {TICK: 160, PC: 5, HEAD: 1, TOS: 0, 0, 127}  READ_NDR  ('None' @ 11:READ#)
  DEBUG    root:machine.py:178 {TICK: 161, PC: 5, HEAD: 2, TOS: 0, 127, 11}  READ_NDR  ('None' @ 11:READ#)
  DEBUG    root:machine.py:178 {TICK: 162, PC: 5, HEAD: 2, TOS: 0, 127, 11}  READ_NDR  ('None' @ 11:READ#)
  DEBUG    root:machine.py:178 {TICK: 163, PC: 5, HEAD: 3, TOS: 127, 11, 108}  READ_NDR  ('None' @ 11:READ#)
  DEBUG    root:machine.py:178 {TICK: 164, PC: 5, HEAD: 3, TOS: 108, 11, 127}  READ_NDR  ('None' @ 11:READ#)
  DEBUG    root:machine.py:178 {TICK: 165, PC: 5, HEAD: 3, TOS: 108, 11, 127}  READ_NDR  ('None' @ 11:READ#)
  DEBUG    root:machine.py:178 {TICK: 166, PC: 6, HEAD: 1, TOS: 0, 0, 108}  PUSH 0 ('0' @ 12:PUSH)
  DEBUG    root:machine.py:178 {TICK: 167, PC: 7, HEAD: 2, TOS: 0, 108, 0}  OVER  ('None' @ 13:OVER)
  DEBUG    root:machine.py:178 {TICK: 168, PC: 8, HEAD: 3, TOS: 108, 0, 108}  LT  ('None' @ 14:<)
  DEBUG    root:machine.py:178 {TICK: 169, PC: 8, HEAD: 1, TOS: 0, 0, 108}  LT  ('None' @ 14:<)
  DEBUG    root:machine.py:178 {TICK: 170, PC: 9, HEAD: 2, TOS: 0, 108, -1}  JNT 13 ('None' @ 15:WHILE)
  DEBUG    root:machine.py:178 {TICK: 171, PC: 10, HEAD: 1, TOS: 0, 0, 108}  PUSH 1 ('1' @ 16:PUSH)
  DEBUG    root:machine.py:178 {TICK: 172, PC: 11, HEAD: 2, TOS: 0, 108, 1}  WRITE_DIR  ('None' @ 17:WR)
  DEBUG    root:machine.py:178 {TICK: 173, PC: 11, HEAD: 2, TOS: 0, 108, 1}  WRITE_DIR  ('None' @ 17:WR)
  DEBUG    root:machine.py:83 output: H,e,l,l,o, ,w,o,r << l
  DEBUG    root:machine.py:178 {TICK: 174, PC: 12, HEAD: 0, TOS: 0, 0, 0}  JMP 4 ('None' @ 18:REPEAT)
  DEBUG    root:machine.py:178 {TICK: 175, PC: 4, HEAD: 0, TOS: 0, 0, 0}  PUSH 127 ('127' @ 10:PUSH)
  DEBUG    root:machine.py:178 {TICK: 176, PC: 5, HEAD: 1, TOS: 0, 0, 127}  READ_NDR  ('None' @ 11:READ#)
  DEBUG    root:machine.py:178 {TICK: 177, PC: 5, HEAD: 1, TOS: 0, 0, 127}  READ_NDR  ('None' @ 11:READ#)
  DEBUG    root:machine.py:178 {TICK: 178, PC: 5, HEAD: 2, TOS: 0, 127, 12}  READ_NDR  ('None' @ 11:READ#)
  DEBUG    root:machine.py:178 {TICK: 179, PC: 5, HEAD: 2, TOS: 0, 127, 12}  READ_NDR  ('None' @ 11:READ#)
  DEBUG    root:machine.py:178 {TICK: 180, PC: 5, HEAD: 3, TOS: 127, 12, 100}  READ_NDR  ('None' @ 11:READ#)
  DEBUG    root:machine.py:178 {TICK: 181, PC: 5, HEAD: 3, TOS: 100, 12, 127}  READ_NDR  ('None' @ 11:READ#)
  DEBUG    root:machine.py:178 {TICK: 182, PC: 5, HEAD: 3, TOS: 100, 12, 127}  READ_NDR  ('None' @ 11:READ#)
  DEBUG    root:machine.py:178 {TICK: 183, PC: 6, HEAD: 1, TOS: 0, 0, 100}  PUSH 0 ('0' @ 12:PUSH)
  DEBUG    root:machine.py:178 {TICK: 184, PC: 7, HEAD: 2, TOS: 0, 100, 0}  OVER  ('None' @ 13:OVER)
  DEBUG    root:machine.py:178 {TICK: 185, PC: 8, HEAD: 3, TOS: 100, 0, 100}  LT  ('None' @ 14:<)
  DEBUG    root:machine.py:178 {TICK: 186, PC: 8, HEAD: 1, TOS: 0, 0, 100}  LT  ('None' @ 14:<)
  DEBUG    root:machine.py:178 {TICK: 187, PC: 9, HEAD: 2, TOS: 0, 100, -1}  JNT 13 ('None' @ 15:WHILE)
  DEBUG    root:machine.py:178 {TICK: 188, PC: 10, HEAD: 1, TOS: 0, 0, 100}  PUSH 1 ('1' @ 16:PUSH)
  DEBUG    root:machine.py:178 {TICK: 189, PC: 11, HEAD: 2, TOS: 0, 100, 1}  WRITE_DIR  ('None' @ 17:WR)
  DEBUG    root:machine.py:178 {TICK: 190, PC: 11, HEAD: 2, TOS: 0, 100, 1}  WRITE_DIR  ('None' @ 17:WR)
  DEBUG    root:machine.py:83 output: H,e,l,l,o, ,w,o,r,l << d
  DEBUG    root:machine.py:178 {TICK: 191, PC: 12, HEAD: 0, TOS: 0, 0, 0}  JMP 4 ('None' @ 18:REPEAT)
  DEBUG    root:machine.py:178 {TICK: 192, PC: 4, HEAD: 0, TOS: 0, 0, 0}  PUSH 127 ('127' @ 10:PUSH)
  DEBUG    root:machine.py:178 {TICK: 193, PC: 5, HEAD: 1, TOS: 0, 0, 127}  READ_NDR  ('None' @ 11:READ#)
  DEBUG    root:machine.py:178 {TICK: 194, PC: 5, HEAD: 1, TOS: 0, 0, 127}  READ_NDR  ('None' @ 11:READ#)
  DEBUG    root:machine.py:178 {TICK: 195, PC: 5, HEAD: 2, TOS: 0, 127, 13}  READ_NDR  ('None' @ 11:READ#)
  DEBUG    root:machine.py:178 {TICK: 196, PC: 5, HEAD: 2, TOS: 0, 127, 13}  READ_NDR  ('None' @ 11:READ#)
  DEBUG    root:machine.py:178 {TICK: 197, PC: 5, HEAD: 3, TOS: 127, 13, 33}  READ_NDR  ('None' @ 11:READ#)
  DEBUG    root:machine.py:178 {TICK: 198, PC: 5, HEAD: 3, TOS: 33, 13, 127}  READ_NDR  ('None' @ 11:READ#)
  DEBUG    root:machine.py:178 {TICK: 199, PC: 5, HEAD: 3, TOS: 33, 13, 127}  READ_NDR  ('None' @ 11:READ#)
  DEBUG    root:machine.py:178 {TICK: 200, PC: 6, HEAD: 1, TOS: 0, 0, 33}  PUSH 0 ('0' @ 12:PUSH)
  DEBUG    root:machine.py:178 {TICK: 201, PC: 7, HEAD: 2, TOS: 0, 33, 0}  OVER  ('None' @ 13:OVER)
  DEBUG    root:machine.py:178 {TICK: 202, PC: 8, HEAD: 3, TOS: 33, 0, 33}  LT  ('None' @ 14:<)
  DEBUG    root:machine.py:178 {TICK: 203, PC: 8, HEAD: 1, TOS: 0, 0, 33}  LT  ('None' @ 14:<)
  DEBUG    root:machine.py:178 {TICK: 204, PC: 9, HEAD: 2, TOS: 0, 33, -1}  JNT 13 ('None' @ 15:WHILE)
  DEBUG    root:machine.py:178 {TICK: 205, PC: 10, HEAD: 1, TOS: 0, 0, 33}  PUSH 1 ('1' @ 16:PUSH)
  DEBUG    root:machine.py:178 {TICK: 206, PC: 11, HEAD: 2, TOS: 0, 33, 1}  WRITE_DIR  ('None' @ 17:WR)
  DEBUG    root:machine.py:178 {TICK: 207, PC: 11, HEAD: 2, TOS: 0, 33, 1}  WRITE_DIR  ('None' @ 17:WR)
  DEBUG    root:machine.py:83 output: H,e,l,l,o, ,w,o,r,l,d << !
  DEBUG    root:machine.py:178 {TICK: 208, PC: 12, HEAD: 0, TOS: 0, 0, 0}  JMP 4 ('None' @ 18:REPEAT)
  DEBUG    root:machine.py:178 {TICK: 209, PC: 4, HEAD: 0, TOS: 0, 0, 0}  PUSH 127 ('127' @ 10:PUSH)
  DEBUG    root:machine.py:178 {TICK: 210, PC: 5, HEAD: 1, TOS: 0, 0, 127}  READ_NDR  ('None' @ 11:READ#)
  DEBUG    root:machine.py:178 {TICK: 211, PC: 5, HEAD: 1, TOS: 0, 0, 127}  READ_NDR  ('None' @ 11:READ#)
  DEBUG    root:machine.py:178 {TICK: 212, PC: 5, HEAD: 2, TOS: 0, 127, 14}  READ_NDR  ('None' @ 11:READ#)
  DEBUG    root:machine.py:178 {TICK: 213, PC: 5, HEAD: 2, TOS: 0, 127, 14}  READ_NDR  ('None' @ 11:READ#)
  DEBUG    root:machine.py:178 {TICK: 214, PC: 5, HEAD: 3, TOS: 127, 14, 0}  READ_NDR  ('None' @ 11:READ#)
  DEBUG    root:machine.py:178 {TICK: 215, PC: 5, HEAD: 3, TOS: 0, 14, 127}  READ_NDR  ('None' @ 11:READ#)
  DEBUG    root:machine.py:178 {TICK: 216, PC: 5, HEAD: 3, TOS: 0, 14, 127}  READ_NDR  ('None' @ 11:READ#)
  DEBUG    root:machine.py:178 {TICK: 217, PC: 6, HEAD: 1, TOS: 0, 0, 0}  PUSH 0 ('0' @ 12:PUSH)
  DEBUG    root:machine.py:178 {TICK: 218, PC: 7, HEAD: 2, TOS: 0, 0, 0}  OVER  ('None' @ 13:OVER)
  DEBUG    root:machine.py:178 {TICK: 219, PC: 8, HEAD: 3, TOS: 0, 0, 0}  LT  ('None' @ 14:<)
  DEBUG    root:machine.py:178 {TICK: 220, PC: 8, HEAD: 1, TOS: 0, 0, 0}  LT  ('None' @ 14:<)
  DEBUG    root:machine.py:178 {TICK: 221, PC: 9, HEAD: 2, TOS: 0, 0, 0}  JNT 13 ('None' @ 15:WHILE)
  DEBUG    root:machine.py:178 {TICK: 222, PC: 13, HEAD: 1, TOS: 0, 0, 0}  HALT  ('None' @ 14:HALT)
